ASxxxx Linker V03.00 + NoICE + sdld,  page 1.
Hexadecimal  [32-Bits]

Area                                    Addr        Size        Decimal Bytes (Attributes)
--------------------------------        ----        ----        ------- ----- ------------
.  .ABS.                            00000000    00000000 =           0. bytes (ABS,CON)

      Value  Global                              Global Defined In Module
      -----  --------------------------------   ------------------------
     00000000  .__.ABS.                           
     00000000  _rRAMG                             
     00000000  l__BASE                         
     00000000  l__BSS                          
     00000000  l__CABS                         
     00000000  l__CODE_0                       
     00000000  l__DABS                         
     00000000  l__HEADER                       
     00000000  l__HEADER_LCD                   
     00000000  l__HEADER_SIO                   
     00000000  l__HEADER_TIMER                 
     00000000  l__HEAP                         
     00000000  l__HRAM                         
     00000000  l__LIT                          
     00000000  s__CABS                         
     00000000  s__DABS                         
     00000000  s__HEADER                       
     00000000  s__HEADER0                      
     00000000  s__HEADER1                      
     00000000  s__HEADER10                     
     00000000  s__HEADER11                     
     00000000  s__HEADER2                      
     00000000  s__HEADER3                      
     00000000  s__HEADER4                      
     00000000  s__HEADER5                      
     00000000  s__HEADER6                      
     00000000  s__HEADER7                      
     00000000  s__HEADER8                      
     00000000  s__HEADER9                      
     00000000  s__HEADER_LCD                   
     00000000  s__HEADER_LCD0                  
     00000000  s__HEADER_SIO                   
     00000000  s__HEADER_SIO0                  
     00000000  s__HEADER_TIMER                 
     00000000  s__HEADER_TIMER0                
     00000000  s__HEADERa                      
     00000000  s__HEADERb                      
     00000000  s__HEADERc                      
     00000000  s__HEADERd                      
     00000000  s__HEADERe                      
     00000000  s__HEADERf                      
     00000000  s__HRAM                         
     00000000  s__HRAM12                       
     00000001  b_activate_actor                   actor
     00000001  b_activate_actors_in_col           actor
     00000001  b_activate_actors_in_row           actor
     00000001  b_actor_at_tile                    actor
     00000001  b_actor_get_frame_offset           actor
     00000001  b_actor_in_front_of_player         actor
     00000001  b_actor_overlapping_bb             actor
ASxxxx Linker V03.00 + NoICE + sdld,  page 2.
Hexadecimal  [32-Bits]

Area                                    Addr        Size        Decimal Bytes (Attributes)
--------------------------------        ----        ----        ------- ----- ------------
.  .ABS.                            00000000    00000000 =           0. bytes (ABS,CON)

      Value  Global                              Global Defined In Module
      -----  --------------------------------   ------------------------
     00000001  b_actor_overlapping_player         actor
     00000001  b_actor_set_anim_idle              actor
     00000001  b_actor_set_anim_moving            actor
     00000001  b_actor_set_dir                    actor
     00000001  b_actor_set_frame_offset           actor
     00000001  b_actor_set_frames                 actor
     00000001  b_actors_handle_player_collision   actor
     00000001  b_actors_init                      actor
     00000001  b_camera_init                      camera
     00000001  b_camera_reset                     camera
     00000001  b_check_collision_in_direction     actor
     00000001  b_deactivate_actor                 actor
     00000001  b_parallax_init                    parallax
     00000001  b_player_init                      actor
     00000001  b_remove_LCD_ISRs                  interrupts
     00000001  b_scroll_init                      scroll
     00000001  b_scroll_repaint                   scroll
     00000001  b_scroll_reset                     scroll
     00000001  b_scroll_update                    scroll
     00000001  b_ui_draw_frame                    ui
     00000001  b_ui_draw_text_buffer_char         ui
     00000001  b_ui_init                          ui
     00000001  b_ui_load_tiles                    ui
     00000001  b_ui_run_menu                      ui
     00000001  b_ui_run_modal                     ui
     00000001  l__GSFINAL                      
     00000001  l__HEADER0                      
     00000001  l__HEADER11                     
     00000001  l__HEADER9                      
     00000001  l__HEADERa                      
     00000001  l__HEADERb                      
     00000001  l__HEADERd                      
     00000001  l__HEADERe                      
     00000002  b_camera_shake_frames              vm_camera
     00000002  b_itoa_fmt                         vm_ui_a
     00000002  b_script_execute                   vm
     00000002  b_script_runner_init               vm
     00000002  b_script_terminate                 vm
     00000002  b_scroll_rect                      
     00000002  b_vm_actor_activate                vm_actor
     00000002  b_vm_actor_deactivate              vm_actor
     00000002  b_vm_actor_emote                   vm_actor
     00000002  b_vm_actor_get_angle               vm_actor
     00000002  b_vm_actor_get_anim_frame          vm_actor
     00000002  b_vm_actor_get_dir                 vm_actor
     00000002  b_vm_actor_get_pos                 vm_actor
     00000002  b_vm_actor_move_to                 vm_actor
     00000002  b_vm_actor_replace_tile            vm_actor
     00000002  b_vm_actor_set_anim                vm_actor
     00000002  b_vm_actor_set_anim_frame          vm_actor
     00000002  b_vm_actor_set_anim_set            vm_actor
ASxxxx Linker V03.00 + NoICE + sdld,  page 3.
Hexadecimal  [32-Bits]

Area                                    Addr        Size        Decimal Bytes (Attributes)
--------------------------------        ----        ----        ------- ----- ------------
.  .ABS.                            00000000    00000000 =           0. bytes (ABS,CON)

      Value  Global                              Global Defined In Module
      -----  --------------------------------   ------------------------
     00000002  b_vm_actor_set_anim_tick           vm_actor
     00000002  b_vm_actor_set_bounds              vm_actor
     00000002  b_vm_actor_set_coll_enabled        vm_actor
     00000002  b_vm_actor_set_dir                 vm_actor
     00000002  b_vm_actor_set_hidden              vm_actor
     00000002  b_vm_actor_set_move_speed          vm_actor
     00000002  b_vm_actor_set_pos                 vm_actor
     00000002  b_vm_actor_set_spritesheet         vm_actor
     00000002  b_vm_actor_set_spritesheet_by_re   vm_actor
     00000002  b_vm_actor_terminate_update        vm_actor
     00000002  b_vm_call                          vm
     00000002  b_vm_call_far                      vm
     00000002  b_vm_call_rel                      vm
     00000002  b_vm_camera_move_to                vm_camera
     00000002  b_vm_camera_set_pos                vm_camera
     00000002  b_vm_choice                        vm_ui
     00000002  b_vm_context_prepare               vm_gameboy
     00000002  b_vm_cos_scale                     vm_math
     00000002  b_vm_display_text                  vm_ui
     00000002  b_vm_fade_in                       vm_gameboy
     00000002  b_vm_fade_out                      vm_gameboy
     00000002  b_vm_get_indirect                  vm
     00000002  b_vm_get_int16                     vm
     00000002  b_vm_get_int8                      vm
     00000002  b_vm_get_tile_xy                   vm_gameboy
     00000002  b_vm_get_tlocal                    vm
     00000002  b_vm_get_uint8                     vm
     00000002  b_vm_hide_sprites                  vm_gameboy
     00000002  b_vm_idle                          vm
     00000002  b_vm_if                            vm
     00000002  b_vm_if_const                      vm
     00000002  b_vm_input_attach                  vm_gameboy
     00000002  b_vm_input_detach                  vm_gameboy
     00000002  b_vm_input_get                     vm_gameboy
     00000002  b_vm_input_wait                    vm_gameboy
     00000002  b_vm_invoke                        vm
     00000002  b_vm_join                          vm
     00000002  b_vm_jump                          vm
     00000002  b_vm_jump_rel                      vm
     00000002  b_vm_load_cursor                   vm_ui
     00000002  b_vm_load_frame                    vm_ui
     00000002  b_vm_load_palette                  vm_palette
     00000002  b_vm_lock                          vm
     00000002  b_vm_loop                          vm
     00000002  b_vm_loop_rel                      vm
     00000002  b_vm_memcpy                        vm
     00000002  b_vm_memset                        vm
     00000002  b_vm_music_mute                    vm_music
     00000002  b_vm_music_play                    vm_music
     00000002  b_vm_music_routine                 vm_music
     00000002  b_vm_music_setpos                  vm_music
ASxxxx Linker V03.00 + NoICE + sdld,  page 4.
Hexadecimal  [32-Bits]

Area                                    Addr        Size        Decimal Bytes (Attributes)
--------------------------------        ----        ----        ------- ----- ------------
.  .ABS.                            00000000    00000000 =           0. bytes (ABS,CON)

      Value  Global                              Global Defined In Module
      -----  --------------------------------   ------------------------
     00000002  b_vm_music_stop                    vm_music
     00000002  b_vm_overlay_clear                 vm_ui
     00000002  b_vm_overlay_hide                  vm_ui
     00000002  b_vm_overlay_move_to               vm_ui
     00000002  b_vm_overlay_scroll                vm_ui
     00000002  b_vm_overlay_set_scroll            vm_ui
     00000002  b_vm_overlay_set_submap            vm_ui
     00000002  b_vm_overlay_setpos                vm_ui
     00000002  b_vm_overlay_show                  vm_ui
     00000002  b_vm_overlay_wait                  vm_ui
     00000002  b_vm_poll                          vm_gameboy
     00000002  b_vm_poll_loaded                   vm
     00000002  b_vm_pop                           vm
     00000002  b_vm_projectile_launch             vm_projectiles
     00000002  b_vm_push                          vm
     00000002  b_vm_push_reference                vm
     00000002  b_vm_push_value                    vm
     00000002  b_vm_push_value_ind                vm
     00000002  b_vm_raise                         vm
     00000002  b_vm_rand                          vm
     00000002  b_vm_randomize                     vm
     00000002  b_vm_replace_tile                  vm_gameboy
     00000002  b_vm_replace_tile_xy               vm_gameboy
     00000002  b_vm_reserve                       vm
     00000002  b_vm_ret                           vm
     00000002  b_vm_ret_far                       vm
     00000002  b_vm_rtc_get                       vm_rtc
     00000002  b_vm_rtc_latch                     vm_rtc
     00000002  b_vm_rtc_set                       vm_rtc
     00000002  b_vm_rtc_start                     vm_rtc
     00000002  b_vm_rumble                        vm_gameboy
     00000002  b_vm_save_clear                    vm_load_save
     00000002  b_vm_save_peek                     vm_load_save
     00000002  b_vm_scene_pop                     vm_scene
     00000002  b_vm_scene_pop_all                 vm_scene
     00000002  b_vm_scene_push                    vm_scene
     00000002  b_vm_scene_stack_reset             vm_scene
     00000002  b_vm_set                           vm
     00000002  b_vm_set_const                     vm
     00000002  b_vm_set_const_int16               vm
     00000002  b_vm_set_const_int8                vm
     00000002  b_vm_set_font                      vm_ui
     00000002  b_vm_set_indirect                  vm
     00000002  b_vm_set_int16                     vm
     00000002  b_vm_set_int8                      vm
     00000002  b_vm_set_print_dir                 vm_ui
     00000002  b_vm_set_sprite_mode               vm_gameboy
     00000002  b_vm_set_uint8                     vm
     00000002  b_vm_show_sprites                  vm_gameboy
     00000002  b_vm_sin_scale                     vm_math
     00000002  b_vm_sio_exchange                  vm_sio
ASxxxx Linker V03.00 + NoICE + sdld,  page 5.
Hexadecimal  [32-Bits]

Area                                    Addr        Size        Decimal Bytes (Attributes)
--------------------------------        ----        ----        ------- ----- ------------
.  .ABS.                            00000000    00000000 =           0. bytes (ABS,CON)

      Value  Global                              Global Defined In Module
      -----  --------------------------------   ------------------------
     00000002  b_vm_sio_set_mode                  vm_sio
     00000002  b_vm_sound_mastervol               vm_music
     00000002  b_vm_sound_play                    vm_music
     00000002  b_vm_switch_text_layer             vm_ui
     00000002  b_vm_systime                       vm
     00000002  b_vm_terminate                     vm
     00000002  b_vm_test_terminate                vm
     00000002  b_vm_timer_prepare                 vm_gameboy
     00000002  b_vm_timer_reset                   vm_gameboy
     00000002  b_vm_timer_set                     vm_gameboy
     00000002  b_vm_timer_stop                    vm_gameboy
     00000002  b_vm_unlock                        vm
     00000002  b_vm_wave_play                     vm_music
     00000002  b_wait_frames                      vm
     00000002  l__HEADER5                      
     00000002  l__HEADERc                      
     00000002  l__HEADERf                      
     00000003  b_adventure_init                   adventure
     00000003  b_adventure_update                 adventure
     00000003  b_logo_init                        logo
     00000003  b_logo_update                      logo
     00000003  b_platform_init                    platform
     00000003  b_platform_update                  platform
     00000003  b_pointnclick_init                 pointnclick
     00000003  b_pointnclick_update               pointnclick
     00000003  b_shmup_init                       shmup
     00000003  b_shmup_update                     shmup
     00000003  b_topdown_init                     topdown
     00000003  b_topdown_update                   topdown
     00000003  l__HEADER8                      
     00000003  l__HEADER_LCD0                  
     00000003  l__HRAM12                       
     00000004  b_CGBZeroPalette                   palette
     00000004  b_SIO_init                         sio
     00000004  b_core_reset                       core
     00000004  b_core_run                         core
     00000004  b_data_clear                       load_save
     00000004  b_data_init                        load_save
     00000004  b_data_load                        load_save
     00000004  b_data_peek                        load_save
     00000004  b_data_save                        load_save
     00000004  b_do_load_palette                  data_manager
     00000004  b_events_init                      events
     00000004  b_fade_applypalettechange          fade_manager
     00000004  b_fade_in                          fade_manager
     00000004  b_fade_in_modal                    fade_manager
     00000004  b_fade_init                        fade_manager
     00000004  b_fade_out                         fade_manager
     00000004  b_fade_out_modal                   fade_manager
     00000004  b_fade_setspeed                    fade_manager
     00000004  b_fade_update                      fade_manager
ASxxxx Linker V03.00 + NoICE + sdld,  page 6.
Hexadecimal  [32-Bits]

Area                                    Addr        Size        Decimal Bytes (Attributes)
--------------------------------        ----        ----        ------- ----- ------------
.  .ABS.                            00000000    00000000 =           0. bytes (ABS,CON)

      Value  Global                              Global Defined In Module
      -----  --------------------------------   ------------------------
     00000004  b_input_init                       input
     00000004  b_load_background                  data_manager
     00000004  b_load_bkg_tileset                 data_manager
     00000004  b_load_bounds                      data_manager
     00000004  b_load_emote                       data_manager
     00000004  b_load_init                        data_manager
     00000004  b_load_player                      data_manager
     00000004  b_load_scene                       data_manager
     00000004  b_load_sprite                      data_manager
     00000004  b_music_events_poll                music_manager
     00000004  b_music_init                       music_manager
     00000004  b_music_stop                       music_manager
     00000004  b_palette_init                     palette
     00000004  b_projectile_launch                projectiles
     00000004  b_projectiles_init                 projectiles
     00000004  b_restore_sram                     flasher
     00000004  b_restore_sram_bank                flasher
     00000004  b_save_sram                        flasher
     00000004  b_set_sample                       sample_player
     00000004  b_set_sgb_border                   sgb_border
     00000004  b_sound_init                       music_manager
     00000004  b_sound_play                       music_manager
     00000004  b_timers_init                      events
     00000004  b_trigger_activate_at              trigger
     00000004  b_trigger_activate_at_intersecti   trigger
     00000004  b_trigger_at_intersection          trigger
     00000004  b_trigger_at_tile                  trigger
     00000004  b_trigger_interact                 trigger
     00000004  b_trigger_reset                    trigger
     00000004  b_wave_play                        music_manager
     00000004  l__HEADER_SIO0                  
     00000004  l__HEADER_TIMER0                
     00000005  ___bank_font_0                     font_0
     00000005  ___bank_scene_13_sprites           scene_13_sprites
     00000005  ___bank_scene_4_actors             scene_4_actors
     00000005  ___bank_scene_7_sprites            scene_7_sprites
     00000005  ___bank_tileset_0                  tileset_0
     00000005  ___bank_tileset_7                  tileset_7
     00000005  ___bank_tileset_8                  tileset_8
     00000005  l__HEADER1                      
     00000006  ___bank_cursor_image               cursor_image
     00000006  ___bank_music_track_0__Data        music_track_0__Data
     00000006  ___bank_scene_12_sprites           scene_12_sprites
     00000006  ___bank_scene_4_collisions         scene_4_collisions
     00000006  ___bank_scene_8_collisions         scene_8_collisions
     00000006  ___bank_scene_9_collisions         scene_9_collisions
     00000006  ___bank_tilemap_0                  tilemap_0
     00000006  ___bank_tilemap_9                  tilemap_9
     00000006  ___bank_tilemap_attr_6             tilemap_attr_6
     00000006  ___bank_tileset_10                 tileset_10
     00000006  ___bank_tileset_2                  tileset_2
ASxxxx Linker V03.00 + NoICE + sdld,  page 7.
Hexadecimal  [32-Bits]

Area                                    Addr        Size        Decimal Bytes (Attributes)
--------------------------------        ----        ----        ------- ----- ------------
.  .ABS.                            00000000    00000000 =           0. bytes (ABS,CON)

      Value  Global                              Global Defined In Module
      -----  --------------------------------   ------------------------
     00000006  ___bank_tileset_5                  tileset_5
     00000006  ___bank_tileset_6                  tileset_6
     00000006  ___bank_tileset_9                  tileset_9
     00000006  l__HEADER7                      
     00000007  ___bank_frame_image                frame_image
     00000007  ___bank_scene_0_collisions         scene_0_collisions
     00000007  ___bank_scene_10_collisions        scene_10_collisions
     00000007  ___bank_scene_11_collisions        scene_11_collisions
     00000007  ___bank_scene_12_collisions        scene_12_collisions
     00000007  ___bank_scene_13_collisions        scene_13_collisions
     00000007  ___bank_scene_1_collisions         scene_1_collisions
     00000007  ___bank_scene_1_triggers           scene_1_triggers
     00000007  ___bank_scene_2_collisions         scene_2_collisions
     00000007  ___bank_scene_3_collisions         scene_3_collisions
     00000007  ___bank_scene_5_collisions         scene_5_collisions
     00000007  ___bank_scene_6_collisions         scene_6_collisions
     00000007  ___bank_scene_7_collisions         scene_7_collisions
     00000007  ___bank_tilemap_1                  tilemap_1
     00000007  ___bank_tilemap_10                 tilemap_10
     00000007  ___bank_tilemap_11                 tilemap_11
     00000007  ___bank_tilemap_2                  tilemap_2
     00000007  ___bank_tilemap_3                  tilemap_3
     00000007  ___bank_tilemap_4                  tilemap_4
     00000007  ___bank_tilemap_6                  tilemap_6
     00000007  ___bank_tilemap_8                  tilemap_8
     00000007  ___bank_tilemap_attr_0             tilemap_attr_0
     00000007  ___bank_tilemap_attr_1             tilemap_attr_1
     00000007  ___bank_tilemap_attr_2             tilemap_attr_2
     00000007  ___bank_tilemap_attr_4             tilemap_attr_4
     00000007  ___bank_tilemap_attr_5             tilemap_attr_5
     00000007  ___bank_tileset_1                  tileset_1
     00000007  ___bank_tileset_11                 tileset_11
     00000007  ___bank_tileset_3                  tileset_3
     00000007  ___bank_tileset_4                  tileset_4
     00000007  l__HEADER2                      
     00000008  ___bank_background_0               background_0
     00000008  ___bank_background_1               background_1
     00000008  ___bank_background_10              background_10
     00000008  ___bank_background_11              background_11
     00000008  ___bank_background_12              background_12
     00000008  ___bank_background_13              background_13
     00000008  ___bank_background_2               background_2
     00000008  ___bank_background_3               background_3
     00000008  ___bank_background_4               background_4
     00000008  ___bank_background_5               background_5
     00000008  ___bank_background_6               background_6
     00000008  ___bank_background_7               background_7
     00000008  ___bank_background_8               background_8
     00000008  ___bank_background_9               background_9
     00000008  ___bank_bootstrap_script           
     00000008  ___bank_palette_0                  palette_0
ASxxxx Linker V03.00 + NoICE + sdld,  page 8.
Hexadecimal  [32-Bits]

Area                                    Addr        Size        Decimal Bytes (Attributes)
--------------------------------        ----        ----        ------- ----- ------------
.  .ABS.                            00000000    00000000 =           0. bytes (ABS,CON)

      Value  Global                              Global Defined In Module
      -----  --------------------------------   ------------------------
     00000008  ___bank_palette_1                  palette_1
     00000008  ___bank_palette_2                  palette_2
     00000008  ___bank_palette_3                  palette_3
     00000008  ___bank_scene_0                    scene_0
     00000008  ___bank_scene_1                    scene_1
     00000008  ___bank_scene_10                   scene_10
     00000008  ___bank_scene_10_triggers          scene_10_triggers
     00000008  ___bank_scene_11                   scene_11
     00000008  ___bank_scene_11_triggers          scene_11_triggers
     00000008  ___bank_scene_12                   scene_12
     00000008  ___bank_scene_12_actors            scene_12_actors
     00000008  ___bank_scene_12_triggers          scene_12_triggers
     00000008  ___bank_scene_13                   scene_13
     00000008  ___bank_scene_13_actors            scene_13_actors
     00000008  ___bank_scene_13_triggers          scene_13_triggers
     00000008  ___bank_scene_2                    scene_2
     00000008  ___bank_scene_2_triggers           scene_2_triggers
     00000008  ___bank_scene_3                    scene_3
     00000008  ___bank_scene_3_triggers           scene_3_triggers
     00000008  ___bank_scene_4                    scene_4
     00000008  ___bank_scene_4_sprites            scene_4_sprites
     00000008  ___bank_scene_4_triggers           scene_4_triggers
     00000008  ___bank_scene_5                    scene_5
     00000008  ___bank_scene_5_triggers           scene_5_triggers
     00000008  ___bank_scene_6                    scene_6
     00000008  ___bank_scene_6_triggers           scene_6_triggers
     00000008  ___bank_scene_7                    scene_7
     00000008  ___bank_scene_7_actors             scene_7_actors
     00000008  ___bank_scene_7_triggers           scene_7_triggers
     00000008  ___bank_scene_8                    scene_8
     00000008  ___bank_scene_8_triggers           scene_8_triggers
     00000008  ___bank_scene_9                    scene_9
     00000008  ___bank_scene_9_actors             scene_9_actors
     00000008  ___bank_scene_9_sprites            scene_9_sprites
     00000008  ___bank_scene_9_triggers           scene_9_triggers
     00000008  ___bank_script_engine_init         
     00000008  ___bank_script_s0_init             
     00000008  ___bank_script_s10t0_interact      
     00000008  ___bank_script_s10t1_interact      
     00000008  ___bank_script_s11t0_interact      
     00000008  ___bank_script_s12t0_interact      
     00000008  ___bank_script_s13t0_interact      
     00000008  ___bank_script_s13t1_interact      
     00000008  ___bank_script_s13t2_interact      
     00000008  ___bank_script_s13t3_interact      
     00000008  ___bank_script_s1t0_interact       
     00000008  ___bank_script_s2t0_interact       
     00000008  ___bank_script_s2t1_interact       
     00000008  ___bank_script_s3t0_interact       
     00000008  ___bank_script_s4t0_interact       
     00000008  ___bank_script_s4t1_interact       
ASxxxx Linker V03.00 + NoICE + sdld,  page 9.
Hexadecimal  [32-Bits]

Area                                    Addr        Size        Decimal Bytes (Attributes)
--------------------------------        ----        ----        ------- ----- ------------
.  .ABS.                            00000000    00000000 =           0. bytes (ABS,CON)

      Value  Global                              Global Defined In Module
      -----  --------------------------------   ------------------------
     00000008  ___bank_script_s4t2_interact       
     00000008  ___bank_script_s4t3_interact       
     00000008  ___bank_script_s4t4_interact       
     00000008  ___bank_script_s4t5_interact       
     00000008  ___bank_script_s4t6_interact       
     00000008  ___bank_script_s4t7_interact       
     00000008  ___bank_script_s5t0_interact       
     00000008  ___bank_script_s6t0_interact       
     00000008  ___bank_script_s7t0_interact       
     00000008  ___bank_script_s8t0_interact       
     00000008  ___bank_script_s8t1_interact       
     00000008  ___bank_script_s8t2_interact       
     00000008  ___bank_script_s8t3_interact       
     00000008  ___bank_script_s8t4_interact       
     00000008  ___bank_script_s9t0_interact       
     00000008  ___bank_script_s9t1_interact       
     00000008  ___bank_script_s9t2_interact       
     00000008  ___bank_spritesheet_0              spritesheet_0
     00000008  ___bank_spritesheet_1              spritesheet_1
     00000008  ___bank_spritesheet_10             spritesheet_10
     00000008  ___bank_spritesheet_11             spritesheet_11
     00000008  ___bank_spritesheet_12             spritesheet_12
     00000008  ___bank_spritesheet_13             spritesheet_13
     00000008  ___bank_spritesheet_14             spritesheet_14
     00000008  ___bank_spritesheet_15             spritesheet_15
     00000008  ___bank_spritesheet_16             spritesheet_16
     00000008  ___bank_spritesheet_17             spritesheet_17
     00000008  ___bank_spritesheet_18             spritesheet_18
     00000008  ___bank_spritesheet_19             spritesheet_19
     00000008  ___bank_spritesheet_2              spritesheet_2
     00000008  ___bank_spritesheet_3              spritesheet_3
     00000008  ___bank_spritesheet_4              spritesheet_4
     00000008  ___bank_spritesheet_5              spritesheet_5
     00000008  ___bank_spritesheet_6              spritesheet_6
     00000008  ___bank_spritesheet_7              spritesheet_7
     00000008  ___bank_spritesheet_8              spritesheet_8
     00000008  ___bank_spritesheet_9              spritesheet_9
     00000008  ___bank_spritesheet_none           spritesheet_none
     00000008  ___bank_tilemap_5                  tilemap_5
     00000008  ___bank_tilemap_7                  tilemap_7
     00000008  ___bank_tilemap_attr_3             tilemap_attr_3
     00000008  ___bank_tileset_12                 tileset_12
     00000008  ___bank_tileset_13                 tileset_13
     00000008  ___bank_tileset_14                 tileset_14
     00000008  ___bank_tileset_15                 tileset_15
     00000008  ___bank_tileset_16                 tileset_16
     00000008  ___bank_tileset_17                 tileset_17
     00000008  ___bank_tileset_18                 tileset_18
     00000008  ___bank_tileset_19                 tileset_19
     00000008  ___bank_tileset_20                 tileset_20
     00000008  ___bank_tileset_21                 tileset_21
ASxxxx Linker V03.00 + NoICE + sdld,  page 10.
Hexadecimal  [32-Bits]

Area                                    Addr        Size        Decimal Bytes (Attributes)
--------------------------------        ----        ----        ------- ----- ------------
.  .ABS.                            00000000    00000000 =           0. bytes (ABS,CON)

      Value  Global                              Global Defined In Module
      -----  --------------------------------   ------------------------
     00000008  ___bank_tileset_22                 tileset_22
     00000008  ___bank_tileset_23                 tileset_23
     00000008  ___bank_tileset_24                 tileset_24
     00000008  ___bank_tileset_25                 tileset_25
     00000008  ___bank_tileset_26                 tileset_26
     00000008  ___bank_tileset_27                 tileset_27
     00000008  ___bank_tileset_28                 tileset_28
     00000008  ___bank_tileset_29                 tileset_29
     00000008  ___bank_tileset_30                 tileset_30
     00000008  l__HEADER3                      
     0000000C  __start_save                    
     0000000E  l__INITIALIZED                  
     0000000E  l__INITIALIZER                  
     0000002D  l__GSINIT                       
     00000030  l__HEADER6                      
     0000004E  l__HEADER4                      
     00000082  l__HEADER10                     
     00000200  s__CODE                         
     00000BF9  l__CODE                         
     00000DF9  s__HOME                         
     000018FC  l__DATA                         
     00002000  _rROMB0                            
     00002135  l__CODE_8                       
     000025BD  l__CODE_4                       
     0000273B  l__HOME                         
     000029B4  l__CODE_1                       
     00002B76  l__CODE_3                       
     00003000  _rROMB1                            
     00003534  s__BASE                         
     00003534  s__CODE_0                       
     00003534  s__INITIALIZER                  
     00003534  s__LIT                          
     00003542  s__GSINIT                       
     0000356F  s__GSFINAL                      
     00003AC6  l__CODE_2                       
     00003FFE  l__CODE_5                       
     00003FFE  l__CODE_7                       
     00004000  _RTC_SELECT_REG                    vm_rtc
     00004000  _rRAMB                             
     00004000  l__CODE_6                       
     00006000  _RTC_LATCH_REG                     vm_rtc
     00008000  __VRAM                             
     00008000  __VRAM8000                         
     00008800  __VRAM8800                         
     00009000  __VRAM9000                         
     00009800  __SCRN0                            
     00009C00  __SCRN1                            
     0000A000  _RTC_VALUE_REG                     vm_rtc
     0000A000  __SRAM                             
     0000C000  __RAM                              
     0000C000  _shadow_OAM                     
ASxxxx Linker V03.00 + NoICE + sdld,  page 11.
Hexadecimal  [32-Bits]

Area                                    Addr        Size        Decimal Bytes (Attributes)
--------------------------------        ----        ----        ------- ----- ------------
.  .ABS.                            00000000    00000000 =           0. bytes (ABS,CON)

      Value  Global                              Global Defined In Module
      -----  --------------------------------   ------------------------
     0000C0A0  s__DATA                         
     0000D000  __RAMBANK                          
     0000D99C  s__BSS                          
     0000D99C  s__INITIALIZED                  
     0000D9AA  s__HEAP                         
     0000DF00  .STACK                          
     0000DF00  _shadow_OAM2                       absolute
     0000DFA0  _BkgPalette                        absolute
     0000DFE0  _vwf_tile_data                     absolute
     0000FE00  __OAMRAM                           
     0000FF00  _P1_REG                            
     0000FF00  __IO                               
     0000FF01  _SB_REG                            
     0000FF02  _SC_REG                            
     0000FF04  _DIV_REG                           
     0000FF05  _TIMA_REG                          
     0000FF06  _TMA_REG                           
     0000FF07  _TAC_REG                           
     0000FF0F  _IF_REG                            
     0000FF10  _NR10_REG                          
     0000FF11  _NR11_REG                          
     0000FF12  _NR12_REG                          
     0000FF13  _NR13_REG                          
     0000FF14  _NR14_REG                          
     0000FF16  _NR21_REG                          
     0000FF17  _NR22_REG                          
     0000FF18  _NR23_REG                          
     0000FF19  _NR24_REG                          
     0000FF1A  _NR30_REG                          
     0000FF1B  _NR31_REG                          
     0000FF1C  _NR32_REG                          
     0000FF1D  _NR33_REG                          
     0000FF1E  _NR34_REG                          
     0000FF20  _NR41_REG                          
     0000FF21  _NR42_REG                          
     0000FF22  _NR43_REG                          
     0000FF23  _NR44_REG                          
     0000FF24  _NR50_REG                          
     0000FF25  _NR51_REG                          
     0000FF26  _NR52_REG                          
     0000FF30  _PCM_SAMPLE                        
     0000FF30  __AUD3WAVERAM                      
     0000FF40  _LCDC_REG                          
     0000FF41  _STAT_REG                          
     0000FF42  _SCY_REG                           
     0000FF43  _SCX_REG                           
     0000FF44  _LY_REG                            
     0000FF45  _LYC_REG                           
     0000FF46  _DMA_REG                           
     0000FF47  _BGP_REG                           
     0000FF48  _OBP0_REG                          
ASxxxx Linker V03.00 + NoICE + sdld,  page 12.
Hexadecimal  [32-Bits]

Area                                    Addr        Size        Decimal Bytes (Attributes)
--------------------------------        ----        ----        ------- ----- ------------
.  .ABS.                            00000000    00000000 =           0. bytes (ABS,CON)

      Value  Global                              Global Defined In Module
      -----  --------------------------------   ------------------------
     0000FF49  _OBP1_REG                          
     0000FF4A  _WY_REG                            
     0000FF4B  _WX_REG                            
     0000FF4D  _KEY1_REG                          
     0000FF4F  _VBK_REG                           
     0000FF51  _HDMA1_REG                         
     0000FF52  _HDMA2_REG                         
     0000FF53  _HDMA3_REG                         
     0000FF54  _HDMA4_REG                         
     0000FF55  _HDMA5_REG                         
     0000FF56  _RP_REG                            
     0000FF68  _BCPS_REG                          
     0000FF69  _BCPD_REG                          
     0000FF6A  _OCPS_REG                          
     0000FF6B  _OCPD_REG                          
     0000FF70  _SVBK_REG                          
     0000FF76  _PCM12_REG                         
     0000FF77  _PCM34_REG                         
     0000FF80  .refresh_OAM                    
     0000FF80  __HRAM                             
     0000FFFF  _IE_REG                            
     00014000  s__CODE_1                       
     00024000  s__CODE_2                       
     00034000  s__CODE_3                       
     00044000  s__CODE_4                       
     00054000  s__CODE_5                       
     00064000  s__CODE_6                       
     00074000  s__CODE_7                       
     00084000  s__CODE_8                       

ASxxxx Linker V03.00 + NoICE + sdld,  page 13.
Hexadecimal  [32-Bits]

Area                                    Addr        Size        Decimal Bytes (Attributes)
--------------------------------        ----        ----        ------- ----- ------------
_CODE                               00000200    00000BF9 =        3065. bytes (REL,CON)

      Value  Global                              Global Defined In Module
      -----  --------------------------------   ------------------------
     00000200  _SIO_send_byte                     
     00000213  _SIO_receive                       
     00000224  _hide_hardware_sprites             OAM_utils
     00000250  _SetTile                           
     0000025F  _set_win_tile_xy                   
     00000264  _set_bkg_tile_xy                   
     00000287  _GetWinAddr                        
     0000028F  _GetBkgAddr                        
     0000029D  _state_init                        
     000002A2  _state_update                      
     000002C4  _ui_time_masks                     
     000002CC  _ui_print_shift_char               
     0000034F  _ui_draw_frame_row                 
     00000358  .ui_draw_frame_row                 
     00000381  _script_cmds                       vm_instructions
     0000051F  _start_scene_x                     
     00000521  _start_scene_y                     
     00000523  _start_scene_dir                   
     00000524  _start_scene                       
     00000527  _start_player_move_speed           
     00000528  _start_player_anim_tick            
     00000529  _ui_fonts                          
     0000052C  _core_reset_hook                   main
     00000534  _main                              main
     0000053C  _state_start_fns                   
     0000054E  _state_update_fns                  
     00000560  _hUGE_init_banked                  hUGEDriver_obj
     00000564  _hUGE_init                         hUGEDriver_obj
     0000056F  _hUGE_mute_channel_banked          hUGEDriver_obj
     00000573  _hUGE_mute_channel                 hUGEDriver_obj
     00000580  hUGE_mute_channel                  hUGEDriver_obj
     0000059A  _hUGE_set_position_banked          hUGEDriver_obj
     0000059E  _hUGE_set_position                 hUGEDriver_obj
     000005A7  hUGE_init                          hUGEDriver_obj
     00000814  hUGE_set_position                  hUGEDriver_obj
     000009B2  _hUGE_dosound                      hUGEDriver_obj
     000009B2  _hUGE_dosound_banked               hUGEDriver_obj
     00000CC6  _set_sprite_palette                CGB
     00000CCB  _set_bkg_palette                   CGB
     00000CCE  .set_palette                       CGB
     00000CED  _set_sprite_palette_entry          CGB
     00000CF2  _set_bkg_palette_entry             CGB
     00000CF5  .set_palette_entry                 CGB
     00000D11  .sgb_check                         
     00000D11  _sgb_check                         
     00000D59  _sgb_transfer                      
     00000D5E  .sgb_transfer                      
     00000D9F  ___move_metasprite                 Metasprites
     00000DD7  _cpu_slow                          CGB
     00000DF2  _cpu_fast                          CGB

ASxxxx Linker V03.00 + NoICE + sdld,  page 14.
Hexadecimal  [32-Bits]

Area                                    Addr        Size        Decimal Bytes (Attributes)
--------------------------------        ----        ----        ------- ----- ------------
_HEADER0                            00000000    00000001 =           1. bytes (ABS,CON)

      Value  Global                              Global Defined In Module
      -----  --------------------------------   ------------------------
     00000020  .call_hl                           Runtime

ASxxxx Linker V03.00 + NoICE + sdld,  page 15.
Hexadecimal  [32-Bits]

Area                                    Addr        Size        Decimal Bytes (Attributes)
--------------------------------        ----        ----        ------- ----- ------------
_HEADER1                            00000000    00000005 =           5. bytes (ABS,CON)

      Value  Global                              Global Defined In Module
      -----  --------------------------------   ------------------------
     00000028  .MemsetSmall                       Runtime

ASxxxx Linker V03.00 + NoICE + sdld,  page 16.
Hexadecimal  [32-Bits]

Area                                    Addr        Size        Decimal Bytes (Attributes)
--------------------------------        ----        ----        ------- ----- ------------
_HEADER2                            00000000    00000007 =           7. bytes (ABS,CON)

      Value  Global                              Global Defined In Module
      -----  --------------------------------   ------------------------
     00000030  .MemcpySmall                       Runtime

ASxxxx Linker V03.00 + NoICE + sdld,  page 17.
Hexadecimal  [32-Bits]

Area                                    Addr        Size        Decimal Bytes (Attributes)
--------------------------------        ----        ----        ------- ----- ------------
_HEADER3                            00000000    00000008 =           8. bytes (ABS,CON)

      Value  Global                              Global Defined In Module
      -----  --------------------------------   ------------------------
ASxxxx Linker V03.00 + NoICE + sdld,  page 18.
Hexadecimal  [32-Bits]

Area                                    Addr        Size        Decimal Bytes (Attributes)
--------------------------------        ----        ----        ------- ----- ------------
_HEADER4                            00000000    0000004E =          78. bytes (ABS,CON)

      Value  Global                              Global Defined In Module
      -----  --------------------------------   ------------------------
     00000080  .int                               Runtime
     0000008F  _wait_int_handler                  Runtime
     0000009C  __standard_VBL_handler             Runtime
     000000AC  _refresh_OAM                       Runtime

ASxxxx Linker V03.00 + NoICE + sdld,  page 19.
Hexadecimal  [32-Bits]

Area                                    Addr        Size        Decimal Bytes (Attributes)
--------------------------------        ----        ----        ------- ----- ------------
_HEADER5                            00000000    00000002 =           2. bytes (ABS,CON)

      Value  Global                              Global Defined In Module
      -----  --------------------------------   ------------------------
ASxxxx Linker V03.00 + NoICE + sdld,  page 20.
Hexadecimal  [32-Bits]

Area                                    Addr        Size        Decimal Bytes (Attributes)
--------------------------------        ----        ----        ------- ----- ------------
_HEADER6                            00000000    00000030 =          48. bytes (ABS,CON)

      Value  Global                              Global Defined In Module
      -----  --------------------------------   ------------------------
ASxxxx Linker V03.00 + NoICE + sdld,  page 21.
Hexadecimal  [32-Bits]

Area                                    Addr        Size        Decimal Bytes (Attributes)
--------------------------------        ----        ----        ------- ----- ------------
_HEADER7                            00000000    00000006 =           6. bytes (ABS,CON)

      Value  Global                              Global Defined In Module
      -----  --------------------------------   ------------------------
ASxxxx Linker V03.00 + NoICE + sdld,  page 22.
Hexadecimal  [32-Bits]

Area                                    Addr        Size        Decimal Bytes (Attributes)
--------------------------------        ----        ----        ------- ----- ------------
_HEADER8                            00000000    00000003 =           3. bytes (ABS,CON)

      Value  Global                              Global Defined In Module
      -----  --------------------------------   ------------------------
ASxxxx Linker V03.00 + NoICE + sdld,  page 23.
Hexadecimal  [32-Bits]

Area                                    Addr        Size        Decimal Bytes (Attributes)
--------------------------------        ----        ----        ------- ----- ------------
_HEADER9                            00000000    00000001 =           1. bytes (ABS,CON)

      Value  Global                              Global Defined In Module
      -----  --------------------------------   ------------------------
ASxxxx Linker V03.00 + NoICE + sdld,  page 24.
Hexadecimal  [32-Bits]

Area                                    Addr        Size        Decimal Bytes (Attributes)
--------------------------------        ----        ----        ------- ----- ------------
_HEADERa                            00000000    00000001 =           1. bytes (ABS,CON)

      Value  Global                              Global Defined In Module
      -----  --------------------------------   ------------------------
ASxxxx Linker V03.00 + NoICE + sdld,  page 25.
Hexadecimal  [32-Bits]

Area                                    Addr        Size        Decimal Bytes (Attributes)
--------------------------------        ----        ----        ------- ----- ------------
_HEADERb                            00000000    00000001 =           1. bytes (ABS,CON)

      Value  Global                              Global Defined In Module
      -----  --------------------------------   ------------------------
ASxxxx Linker V03.00 + NoICE + sdld,  page 26.
Hexadecimal  [32-Bits]

Area                                    Addr        Size        Decimal Bytes (Attributes)
--------------------------------        ----        ----        ------- ----- ------------
_HEADERc                            00000000    00000002 =           2. bytes (ABS,CON)

      Value  Global                              Global Defined In Module
      -----  --------------------------------   ------------------------
ASxxxx Linker V03.00 + NoICE + sdld,  page 27.
Hexadecimal  [32-Bits]

Area                                    Addr        Size        Decimal Bytes (Attributes)
--------------------------------        ----        ----        ------- ----- ------------
_HEADERd                            00000000    00000001 =           1. bytes (ABS,CON)

      Value  Global                              Global Defined In Module
      -----  --------------------------------   ------------------------
ASxxxx Linker V03.00 + NoICE + sdld,  page 28.
Hexadecimal  [32-Bits]

Area                                    Addr        Size        Decimal Bytes (Attributes)
--------------------------------        ----        ----        ------- ----- ------------
_HEADERe                            00000000    00000001 =           1. bytes (ABS,CON)

      Value  Global                              Global Defined In Module
      -----  --------------------------------   ------------------------
ASxxxx Linker V03.00 + NoICE + sdld,  page 29.
Hexadecimal  [32-Bits]

Area                                    Addr        Size        Decimal Bytes (Attributes)
--------------------------------        ----        ----        ------- ----- ------------
_HEADERf                            00000000    00000002 =           2. bytes (ABS,CON)

      Value  Global                              Global Defined In Module
      -----  --------------------------------   ------------------------
ASxxxx Linker V03.00 + NoICE + sdld,  page 30.
Hexadecimal  [32-Bits]

Area                                    Addr        Size        Decimal Bytes (Attributes)
--------------------------------        ----        ----        ------- ----- ------------
_HEADER10                           00000000    00000082 =         130. bytes (ABS,CON)

      Value  Global                              Global Defined In Module
      -----  --------------------------------   ------------------------
     00000150  .reset                             Runtime
     00000150  _reset                             Runtime
     00000157  .code_start                        Runtime
     000001B7  _exit                              Runtime
     000001BB  _set_interrupts                    Runtime

ASxxxx Linker V03.00 + NoICE + sdld,  page 31.
Hexadecimal  [32-Bits]

Area                                    Addr        Size        Decimal Bytes (Attributes)
--------------------------------        ----        ----        ------- ----- ------------
_HEADER11                           00000000    00000001 =           1. bytes (ABS,CON)

      Value  Global                              Global Defined In Module
      -----  --------------------------------   ------------------------
ASxxxx Linker V03.00 + NoICE + sdld,  page 32.
Hexadecimal  [32-Bits]

Area                                    Addr        Size        Decimal Bytes (Attributes)
--------------------------------        ----        ----        ------- ----- ------------
_HOME                               00000DF9    0000273B =       10043. bytes (REL,CON)

      Value  Global                              Global Defined In Module
      -----  --------------------------------   ------------------------
     00000DF9  .memset_simple                     Runtime
     00000E02  .memcpy_simple                     Runtime
     00000E1F  .remove_VBL                        Runtime
     00000E22  .remove_int                        Runtime
     00000E3F  .add_VBL                           Runtime
     00000E42  .add_int                           Runtime
     00000E4D  .wait_vbl_done                     Runtime
     00000E4D  _wait_vbl_done                     Runtime
     00000E5D  .display_off                       Runtime
     00000E5D  _display_off                       Runtime
     00000E75  _remove_VBL                        Runtime
     00000E80  _add_VBL                           Runtime
     00000E8B  _actors_update                     actor
     000011F6  _SetBankedBkgData                  bankdata
     00001212  _SetBankedSpriteData               bankdata
     0000122E  _SetBankedBkgTiles                 bankdata
     0000124A  _SetBankedWinTiles                 bankdata
     00001266  _ReadBankedFarPtr                  bankdata
     0000128D  _ReadBankedUWORD                   bankdata
     000012A9  _MemcpyBanked                      bankdata
     000012C5  _MemcpyVRAMBanked                  bankdata
     000012E1  _camera_update                     camera
     00001414  _load_animations                   data_manager
     00001473  _events_update                     events
     0000150F  _timers_update                     events
     00001597  _input_update                      input
     000015C0  .sio_ISR                           
     0000161A  .timer_ISR                         
     0000162F  _simple_LCD_isr                    interrupts
     00001674  _fullscreen_LCD_isr                interrupts
     000016A5  _VBL_isr                           interrupts
     000016E2  _isqrt                             math
     00001738  _sine_wave                         math
     00001838  _dir_lookup                        math
     00001840  _dir_angle_lookup                  math
     00001844  _hUGETrackerRoutine                music_manager
     00001870  _music_events_update               music_manager
     000018F2  _music_play                        music_manager
     00001972  _music_mute                        music_manager
     0000199A  _music_update                      music_manager
     000019FA  _sound_stop                        music_manager
     00001A2B  _parallax_LCD_isr                  parallax
     00001A68  _projectiles_update                projectiles
     00001E0A  _projectiles_render                projectiles
     00001F7B  _sample_play_isr                   sample_player
     00001FFA  _scroll_load_pending_row           scroll
     00002086  _scroll_load_row                   scroll
     00002100  _scroll_load_col                   scroll
     0000216B  _scroll_load_pending_col           scroll
     000021FC  _set_bkg_submap                    
ASxxxx Linker V03.00 + NoICE + sdld,  page 33.
Hexadecimal  [32-Bits]

Area                                    Addr        Size        Decimal Bytes (Attributes)
--------------------------------        ----        ----        ------- ----- ------------
_HOME                               00000DF9    0000273B =       10043. bytes (REL,CON)

      Value  Global                              Global Defined In Module
      -----  --------------------------------   ------------------------
     0000223F  _set_xy_win_submap                 
     00002268  .set_xy_win_submap                 
     00002271  .set_xy_bkg_submap                 
     00002280  .set_xy_submap                     
     000022C6  _on_SIO_receive                    sio
     00002307  _SIO_update                        sio
     0000236E  _ui_update                         ui
     0000242E  _vm_sgb_transfer                   vm_sgb
     0000247C  _vm_load_text                      vm_ui
     000026D1  _vm_beginthread                    vm
     000027F6  _vm_rpn                            vm
     00002EBA  _vm_call_native                    vm
     00002EC5  _VM_STEP                           vm
     00002F2F  _script_runner_update              vm
     0000309E  _fill_win_rect                     
     000030B0  _rand                              
     000030B0  _randw                             
     000030DB  _initrand                          
     000030DD  .initrand                          
     000030E6  __mulsuchar                        mul
     000030F0  __muluschar                        mul
     000030FA  __mulschar                         mul
     0000310C  __muluchar                         mul
     00003118  __mulint                           mul
     0000313E  _abs                               abs
     0000314D  _set_win_tiles                     
     00003161  _set_tile_data                     
     00003166  _set_bkg_data                      
     00003166  _set_win_data                      
     0000316E  _set_sprite_data                   
     0000319E  _reverse                           reverse
     000031D2  ___call__banked                    far_ptr
     000031EF  _to_far_ptr                        far_ptr
     00003228  _add_LCD                           
     00003233  .add_LCD                           
     00003239  _remove_LCD                        
     00003244  .remove_LCD                        
     0000324A  .fill_rect_wtt                     
     00003253  .fill_rect_btt                     
     000032A0  .copy_vram                         
     000032B4  _get_data                          
     000032B4  _set_data                          
     000032B4  _vmemcpy                           
     000032C7  _fill_bkg_rect                     
     000032D9  .padup                             
     000032D9  _waitpadup                         
     000032E9  .jpad                              
     000032E9  _joypad                            
     00003311  _waitpad                           
     00003314  .wait_pad                          
     0000331B  ___sdcc_call_hl                    call_hl
ASxxxx Linker V03.00 + NoICE + sdld,  page 34.
Hexadecimal  [32-Bits]

Area                                    Addr        Size        Decimal Bytes (Attributes)
--------------------------------        ----        ----        ------- ----- ------------
_HOME                               00000DF9    0000273B =       10043. bytes (REL,CON)

      Value  Global                              Global Defined In Module
      -----  --------------------------------   ------------------------
     0000331C  ___memcpy                          memcpy
     0000331C  _memcpy                            memcpy
     0000335F  _memset                            memset
     00003392  ___sdcc_bcall_ehl                  
     000033A3  __divsuchar                        div
     000033B0  __modsuchar                        div
     000033BA  __divuschar                        div
     000033CC  __moduschar                        div
     000033DC  __divschar                         div
     000033E8  __modschar                         div
     000033F2  __divsint                          div
     00003403  __modsint                          div
     00003412  __divuchar                         div
     0000341E  __moduchar                         div
     00003428  __divuint                          div
     00003439  __moduint                          div
     00003448  .div8                              div
     00003448  .mod8                              div
     00003450  .div16                             div
     00003450  .mod16                             div
     00003486  .divu8                             div
     00003486  .modu8                             div
     00003489  .divu16                            div
     00003489  .modu16                            div
     000034CA  _set_bkg_tiles                     
     000034DE  .set_xy_wtt                        
     000034E7  .set_xy_btt                        
     000034F6  .set_xy_tt                         
ASxxxx Linker V03.00 + NoICE + sdld,  page 35.
Hexadecimal  [32-Bits]

Area                                    Addr        Size        Decimal Bytes (Attributes)
--------------------------------        ----        ----        ------- ----- ------------
_INITIALIZER                        00003534    0000000E =          14. bytes (REL,CON)

      Value  Global                              Global Defined In Module
      -----  --------------------------------   ------------------------
ASxxxx Linker V03.00 + NoICE + sdld,  page 36.
Hexadecimal  [32-Bits]

Area                                    Addr        Size        Decimal Bytes (Attributes)
--------------------------------        ----        ----        ------- ----- ------------
_GSINIT                             00003542    0000002D =          45. bytes (REL,CON)

      Value  Global                              Global Defined In Module
      -----  --------------------------------   ------------------------
     00003542  gsinit                             Runtime

ASxxxx Linker V03.00 + NoICE + sdld,  page 37.
Hexadecimal  [32-Bits]

Area                                    Addr        Size        Decimal Bytes (Attributes)
--------------------------------        ----        ----        ------- ----- ------------
_GSFINAL                            0000356F    00000001 =           1. bytes (REL,CON)

      Value  Global                              Global Defined In Module
      -----  --------------------------------   ------------------------
ASxxxx Linker V03.00 + NoICE + sdld,  page 38.
Hexadecimal  [32-Bits]

Area                                    Addr        Size        Decimal Bytes (Attributes)
--------------------------------        ----        ----        ------- ----- ------------
_DATA                               0000C0A0    000018FC =        6396. bytes (REL,CON)

      Value  Global                              Global Defined In Module
      -----  --------------------------------   ------------------------
     0000C0A0  __cpu                              Runtime
     0000C0A1  __is_GBA                           Runtime
     0000C0A2  .mode                              Runtime
     0000C0A3  .sys_time                          Runtime
     0000C0A3  _sys_time                          Runtime
     0000C0A5  .int_0x40                          Runtime
     0000C0B9  _actors                            actor
     0000C4DD  _actors_active_head                actor
     0000C4DF  _actors_inactive_head              actor
     0000C4E1  _screen_x                          actor
     0000C4E2  _screen_y                          actor
     0000C4E3  _invalid                           actor
     0000C4E5  _player_moving                     actor
     0000C4E6  _player_iframes                    actor
     0000C4E7  _player_collision_actor            actor
     0000C4E9  _emote_actor                       actor
     0000C4EB  _emote_timer                       actor
     0000C4EC  _allocated_hardware_sprites        actor
     0000C4F4  _camera_x                          camera
     0000C4F6  _camera_y                          camera
     0000C4F8  _camera_offset_x                   camera
     0000C4F9  _camera_offset_y                   camera
     0000C4FA  _camera_deadzone_x                 camera
     0000C4FB  _camera_deadzone_y                 camera
     0000C4FC  _camera_settings                   camera
     0000C4FD  _current_scene                     data_manager
     0000C500  _image_bank                        data_manager
     0000C501  _image_ptr                         data_manager
     0000C503  _image_attr_bank                   data_manager
     0000C504  _image_attr_ptr                    data_manager
     0000C506  _collision_bank                    data_manager
     0000C507  _collision_ptr                     data_manager
     0000C509  _image_tile_width                  data_manager
     0000C50A  _image_tile_height                 data_manager
     0000C50B  _image_width                       data_manager
     0000C50D  _image_height                      data_manager
     0000C50F  _sprites_len                       data_manager
     0000C510  _actors_len                        data_manager
     0000C511  _projectiles_len                   data_manager
     0000C512  _player_sprite_len                 data_manager
     0000C513  _scene_type                        data_manager
     0000C514  _scene_LCD_type                    data_manager
     0000C515  _scene_stack                       data_manager
     0000C555  _scene_stack_ptr                   data_manager
     0000C55A  _input_events                      events
     0000C582  _input_slots                       events
     0000C58A  _timer_events                      events
     0000C59E  _timer_values                      events
     0000C5A6  _fade_running                      fade_manager
     0000C5A7  _fade_frames_per_step              fade_manager
ASxxxx Linker V03.00 + NoICE + sdld,  page 39.
Hexadecimal  [32-Bits]

Area                                    Addr        Size        Decimal Bytes (Attributes)
--------------------------------        ----        ----        ------- ----- ------------
_DATA                               0000C0A0    000018FC =        6396. bytes (REL,CON)

      Value  Global                              Global Defined In Module
      -----  --------------------------------   ------------------------
     0000C5A8  _fade_timer                        fade_manager
     0000C5AB  _joypads                           input
     0000C5B0  _last_joy                          input
     0000C5B1  _recent_joy                        input
     0000C5B2  _SIO_status                        
     0000C5B3  _link_byte_sent                    
     0000C5B4  _link_next_mode                    
     0000C5B5  _save_blob_size                    load_save
     0000C5B7  _current_track                     music_manager
     0000C5B9  _tone_frames                       music_manager
     0000C5BA  _channel_mask                      music_manager
     0000C5BB  _sound_channel                     music_manager
     0000C5BC  _current_track_bank                music_manager
     0000C5BD  _music_stopped                     music_manager
     0000C5BE  _huge_initialized                  music_manager
     0000C5BF  _routine_queue                     music_manager
     0000C5C3  _routine_queue_head                music_manager
     0000C5C4  _routine_queue_tail                music_manager
     0000C5C5  _music_events                      music_manager
     0000C5D9  _DMG_palette                       palette
     0000C5DC  _SprPalette                        palette
     0000C61C  _parallax_rows                     parallax
     0000C62E  _parallax_row                      parallax
     0000C630  _projectiles                       projectiles
     0000C6E4  _projectile_defs                   projectiles
     0000C757  _projectiles_active_head           projectiles
     0000C759  _projectiles_inactive_head         projectiles
     0000C760  _scroll_x                          scroll
     0000C762  _scroll_y                          scroll
     0000C764  _draw_scroll_x                     scroll
     0000C766  _draw_scroll_y                     scroll
     0000C768  _scroll_x_max                      scroll
     0000C76A  _scroll_y_max                      scroll
     0000C76C  _scroll_offset_x                   scroll
     0000C76D  _scroll_offset_y                   scroll
     0000C76E  _pending_h_x                       scroll
     0000C76F  _pending_h_y                       scroll
     0000C770  _pending_h_i                       scroll
     0000C771  _pending_w_x                       scroll
     0000C772  _pending_w_y                       scroll
     0000C773  _pending_w_i                       scroll
     0000C774  _current_row                       scroll
     0000C776  _new_row                           scroll
     0000C778  _current_col                       scroll
     0000C77A  _new_col                           scroll
     0000C77C  .image_tile_width                  
     0000C77D  _link_operation_mode               sio
     0000C77E  _link_packet                       sio
     0000C79E  _link_packet_len                   sio
     0000C79F  _link_packet_ptr                   sio
     0000C7A1  _link_packet_received              sio
ASxxxx Linker V03.00 + NoICE + sdld,  page 40.
Hexadecimal  [32-Bits]

Area                                    Addr        Size        Decimal Bytes (Attributes)
--------------------------------        ----        ----        ------- ----- ------------
_DATA                               0000C0A0    000018FC =        6396. bytes (REL,CON)

      Value  Global                              Global Defined In Module
      -----  --------------------------------   ------------------------
     0000C7A2  _link_packet_snd_len               sio
     0000C7A3  _link_packet_snd_ptr               sio
     0000C7A5  _link_packet_sent                  sio
     0000C7A6  __is_CGB                           system
     0000C7A7  __is_SGB                           system
     0000C7A8  _triggers                          trigger
     0000C8A0  _last_trigger_tx                   trigger
     0000C8A1  _last_trigger_ty                   trigger
     0000C8A2  _last_trigger                      trigger
     0000C8A3  _win_pos_x                         ui
     0000C8A4  _win_dest_pos_x                    ui
     0000C8A5  _win_pos_y                         ui
     0000C8A6  _win_dest_pos_y                    ui
     0000C8A7  _win_speed                         ui
     0000C8A8  _text_drawn                        ui
     0000C8A9  _current_text_speed                ui
     0000C8AA  _text_wait                         ui
     0000C8AB  _text_in_speed                     ui
     0000C8AC  _text_out_speed                    ui
     0000C8AD  _text_draw_speed                   ui
     0000C8AE  _text_ff_joypad                    ui
     0000C8AF  _text_ff                           ui
     0000C8B0  _text_bkg_fill                     ui
     0000C8B1  _ui_text_data                      ui
     0000C9BB  _vwf_current_mask                  ui
     0000C9BC  _vwf_current_rotate                ui
     0000C9BD  _vwf_inverse_map                   ui
     0000C9BE  _vwf_direction                     ui
     0000C9BF  _vwf_current_font_desc             ui
     0000C9C7  _vwf_current_font_bank             ui
     0000C9C8  _vwf_current_font_idx              ui
     0000C9C9  _text_render_base_addr             ui
     0000C9CB  _text_scroll_addr                  ui
     0000C9CD  _text_scroll_width                 ui
     0000C9CE  _text_scroll_height                ui
     0000C9CF  _text_scroll_fill                  ui
     0000C9D5  __itoa_fmt_len                     vm_ui_a
     0000C9D6  .itoa_fmt_buf                      vm_ui_a
     0000C9D9  _CTXS                              vm
     0000CB09  _first_ctx                         vm
     0000CB0B  _free_ctxs                         vm
     0000CB0D  _vm_lock_state                     vm
     0000CB0E  _vm_loaded_state                   vm
     0000CB0F  _vm_exception_code                 vm
     0000CB10  _vm_exception_params_length        vm
     0000CB11  _vm_exception_params_bank          vm
     0000CB12  _vm_exception_params_offset        vm
     0000CB14  _script_memory                     vm
     0000D91C  _grounded                          platform
     0000D91D  _on_ladder                         platform
     0000D91E  _pl_vel_x                          platform
ASxxxx Linker V03.00 + NoICE + sdld,  page 41.
Hexadecimal  [32-Bits]

Area                                    Addr        Size        Decimal Bytes (Attributes)
--------------------------------        ----        ----        ------- ----- ------------
_DATA                               0000C0A0    000018FC =        6396. bytes (REL,CON)

      Value  Global                              Global Defined In Module
      -----  --------------------------------   ------------------------
     0000D920  _pl_vel_y                          platform
     0000D922  _plat_min_vel                      platform
     0000D924  _plat_walk_vel                     platform
     0000D926  _plat_climb_vel                    platform
     0000D928  _plat_run_vel                      platform
     0000D92A  _plat_walk_acc                     platform
     0000D92C  _plat_run_acc                      platform
     0000D92E  _plat_dec                          platform
     0000D930  _plat_jump_vel                     platform
     0000D932  _plat_grav                         platform
     0000D934  _plat_hold_grav                    platform
     0000D936  _plat_max_fall_vel                 platform
     0000D938  _shooter_reached_end               shmup
     0000D939  _shooter_dest                      shmup
     0000D93B  _shooter_direction                 shmup
     0000D93C  _topdown_grid                      topdown
     0000D962  __current_ch3_wave                 hUGEDriver_obj
     0000D962  _hUGE_current_wave                 hUGEDriver_obj
     0000D983  .randhi                            
     0000D984  .randlo                            
     0000D985  ___call_banked_addr                far_ptr
     0000D985  ___call_banked_ptr                 far_ptr
     0000D987  ___call_banked_bank                far_ptr
     0000D989  .int_0x48                          
     0000D999  ___current_metasprite              Metasprites
     0000D99B  ___current_base_tile               Metasprites

ASxxxx Linker V03.00 + NoICE + sdld,  page 42.
Hexadecimal  [32-Bits]

Area                                    Addr        Size        Decimal Bytes (Attributes)
--------------------------------        ----        ----        ------- ----- ------------
_INITIALIZED                        0000D99C    0000000E =          14. bytes (REL,CON)

      Value  Global                              Global Defined In Module
      -----  --------------------------------   ------------------------
     0000D99C  _fade_style                        fade_manager
     0000D99D  _game_time                         game_time
     0000D99E  _hide_sprites                      interrupts
     0000D99F  _ISR_counter                       music_manager
     0000D9A0  _play_bank                         sample_player
     0000D9A1  _play_sample                       sample_player
     0000D9A3  _play_length                       sample_player
     0000D9A5  _triggers_len                      trigger
     0000D9A6  _exchange_state                    vm_sio
     0000D9A7  _last_hit_trigger                  pointnclick
     0000D9A8  _shooter_scroll_speed              shmup
     0000D9A9  ___render_shadow_OAM               Metasprites
ASxxxx Linker V03.00 + NoICE + sdld,  page 43.
Hexadecimal  [32-Bits]

Area                                    Addr        Size        Decimal Bytes (Attributes)
--------------------------------        ----        ----        ------- ----- ------------
_HRAM12                             00000000    00000003 =           3. bytes (ABS,CON)

      Value  Global                              Global Defined In Module
      -----  --------------------------------   ------------------------
     0000FF90  __current_bank                     Runtime
     0000FF92  __shadow_OAM_base                  Runtime

ASxxxx Linker V03.00 + NoICE + sdld,  page 44.
Hexadecimal  [32-Bits]

Area                                    Addr        Size        Decimal Bytes (Attributes)
--------------------------------        ----        ----        ------- ----- ------------
_CODE_1                             00014000    000029B4 =       10676. bytes (REL,CON)

      Value  Global                              Global Defined In Module
      -----  --------------------------------   ------------------------
     00014000  _actors_init                       actor
     00014034  _emote_offsets                     actor
     00014043  _emote_metasprite                  actor
     0001404F  _player_init                       actor
     00014062  _deactivate_actor                  actor
     00014164  _activate_actor                    actor
     00014291  _activate_actors_in_row            actor
     00014388  _activate_actors_in_col            actor
     000144D9  _actor_set_frames                  actor
     0001452D  _actor_set_frame_offset            actor
     0001456A  _actor_get_frame_offset            actor
     0001457D  _actor_set_anim_idle               actor
     000145AB  _actor_set_anim_moving             actor
     000145DC  _actor_set_dir                     actor
     00014641  _actor_at_tile                     actor
     00014715  _actor_in_front_of_player          actor
     000147FB  _actor_overlapping_player          actor
     00014AAB  _actor_overlapping_bb              actor
     00014CCA  _actors_handle_player_collision    actor
     00014D55  _check_collision_in_direction      actor
     00015494  _camera_init                       camera
     000154B2  _camera_reset                      camera
     000154C2  _remove_LCD_ISRs                   interrupts
     000154E3  _parallax_init                     parallax
     00015507  _scroll_init                       scroll
     00015531  _scroll_reset                      scroll
     00015551  _scroll_update                     scroll
     00015668  _scroll_viewport                   scroll
     00015AFC  _scroll_repaint                    scroll
     00015B5A  _scroll_render_rows                scroll
     00015BE2  _scroll_queue_row                  scroll
     00015C07  _scroll_queue_col                  scroll
     00015C53  _ui_swap_tiles                     
     00015C9D  _ui_print_make_mask_lr             
     00015CB9  _ui_print_make_mask_rl             
     00015CD5  _ui_init                           ui
     00015D8E  _ui_load_tiles                     ui
     00015DE5  _ui_draw_frame                     ui
     00015E76  _ui_print_reset                    ui
     00015ECC  _ui_print_render                   ui
[...]
                                          [ scene_5_collisions ]
C:/Users/benja/AppData/Local/Temp/_gbsbuild/obj/scene_5_triggers.rel
                                          [ scene_5_triggers ]
C:/Users/benja/AppData/Local/Temp/_gbsbuild/obj/scene_5.rel
                                          [ scene_5 ]
C:/Users/benja/AppData/Local/Temp/_gbsbuild/obj/scene_6_collisions.rel
                                          [ scene_6_collisions ]
C:/Users/benja/AppData/Local/Temp/_gbsbuild/obj/scene_6_triggers.rel
                                          [ scene_6_triggers ]
C:/Users/benja/AppData/Local/Temp/_gbsbuild/obj/scene_6.rel
                                          [ scene_6 ]
C:/Users/benja/AppData/Local/Temp/_gbsbuild/obj/scene_7_actors.rel
                                          [ scene_7_actors ]
C:/Users/benja/AppData/Local/Temp/_gbsbuild/obj/scene_7_collisions.rel
                                          [ scene_7_collisions ]
C:/Users/benja/AppData/Local/Temp/_gbsbuild/obj/scene_7_sprites.rel
                                          [ scene_7_sprites ]
C:/Users/benja/AppData/Local/Temp/_gbsbuild/obj/scene_7_triggers.rel
                                          [ scene_7_triggers ]
C:/Users/benja/AppData/Local/Temp/_gbsbuild/obj/scene_7.rel
                                          [ scene_7 ]
C:/Users/benja/AppData/Local/Temp/_gbsbuild/obj/scene_8_collisions.rel
                                          [ scene_8_collisions ]
C:/Users/benja/AppData/Local/Temp/_gbsbuild/obj/scene_8_triggers.rel
                                          [ scene_8_triggers ]
C:/Users/benja/AppData/Local/Temp/_gbsbuild/obj/scene_8.rel
                                          [ scene_8 ]
C:/Users/benja/AppData/Local/Temp/_gbsbuild/obj/scene_9_actors.rel
                                          [ scene_9_actors ]
C:/Users/benja/AppData/Local/Temp/_gbsbuild/obj/scene_9_collisions.rel
                                          [ scene_9_collisions ]
C:/Users/benja/AppData/Local/Temp/_gbsbuild/obj/scene_9_sprites.rel
                                          [ scene_9_sprites ]
C:/Users/benja/AppData/Local/Temp/_gbsbuild/obj/scene_9_triggers.rel
                                          [ scene_9_triggers ]
C:/Users/benja/AppData/Local/Temp/_gbsbuild/obj/scene_9.rel
                                          [ scene_9 ]
C:/Users/benja/AppData/Local/Temp/_gbsbuild/obj/script_engine_init.rel
                                          [  ]
C:/Users/benja/AppData/Local/Temp/_gbsbuild/obj/script_s0_init.rel
                                          [  ]
C:/Users/benja/AppData/Local/Temp/_gbsbuild/obj/script_s10t0_interact.rel
                                          [  ]
C:/Users/benja/AppData/Local/Temp/_gbsbuild/obj/script_s10t1_interact.rel
                                          [  ]
C:/Users/benja/AppData/Local/Temp/_gbsbuild/obj/script_s11t0_interact.rel
                                          [  ]
C:/Users/benja/AppData/Local/Temp/_gbsbuild/obj/script_s12t0_interact.rel
                                          [  ]
C:/Users/benja/AppData/Local/Temp/_gbsbuild/obj/script_s13t0_interact.rel
                                          [  ]
C:/Users/benja/AppData/Local/Temp/_gbsbuild/obj/script_s13t1_interact.rel
                                          [  ]
C:/Users/benja/AppData/Local/Temp/_gbsbuild/obj/script_s13t2_interact.rel
                                          [  ]
C:/Users/benja/AppData/Local/Temp/_gbsbuild/obj/script_s13t3_interact.rel
                                          [  ]
C:/Users/benja/AppData/Local/Temp/_gbsbuild/obj/script_s1t0_interact.rel
                                          [  ]
C:/Users/benja/AppData/Local/Temp/_gbsbuild/obj/script_s2t0_interact.rel
                                          [  ]
C:/Users/benja/AppData/Local/Temp/_gbsbuild/obj/script_s2t1_interact.rel
                                          [  ]
C:/Users/benja/AppData/Local/Temp/_gbsbuild/obj/script_s3t0_interact.rel
                                          [  ]
C:/Users/benja/AppData/Local/Temp/_gbsbuild/obj/script_s4t0_interact.rel
                                          [  ]
C:/Users/benja/AppData/Local/Temp/_gbsbuild/obj/script_s4t1_interact.rel
                                          [  ]
C:/Users/benja/AppData/Local/Temp/_gbsbuild/obj/script_s4t2_interact.rel
                                          [  ]
C:/Users/benja/AppData/Local/Temp/_gbsbuild/obj/script_s4t3_interact.rel
                                          [  ]
C:/Users/benja/AppData/Local/Temp/_gbsbuild/obj/script_s4t4_interact.rel
                                          [  ]
C:/Users/benja/AppData/Local/Temp/_gbsbuild/obj/script_s4t5_interact.rel
                                          [  ]
C:/Users/benja/AppData/Local/Temp/_gbsbuild/obj/script_s4t6_interact.rel
                                          [  ]
C:/Users/benja/AppData/Local/Temp/_gbsbuild/obj/script_s4t7_interact.rel
                                          [  ]
C:/Users/benja/AppData/Local/Temp/_gbsbuild/obj/script_s5t0_interact.rel
                                          [  ]
C:/Users/benja/AppData/Local/Temp/_gbsbuild/obj/script_s6t0_interact.rel
                                          [  ]
C:/Users/benja/AppData/Local/Temp/_gbsbuild/obj/script_s7t0_interact.rel
                                          [  ]
C:/Users/benja/AppData/Local/Temp/_gbsbuild/obj/script_s8t0_interact.rel
                                          [  ]
C:/Users/benja/AppData/Local/Temp/_gbsbuild/obj/script_s8t1_interact.rel
                                          [  ]
C:/Users/benja/AppData/Local/Temp/_gbsbuild/obj/script_s8t2_interact.rel
                                          [  ]
C:/Users/benja/AppData/Local/Temp/_gbsbuild/obj/script_s8t3_interact.rel
                                          [  ]
C:/Users/benja/AppData/Local/Temp/_gbsbuild/obj/script_s8t4_interact.rel
                                          [  ]
C:/Users/benja/AppData/Local/Temp/_gbsbuild/obj/script_s9t0_interact.rel
                                          [  ]
C:/Users/benja/AppData/Local/Temp/_gbsbuild/obj/script_s9t1_interact.rel
                                          [  ]
C:/Users/benja/AppData/Local/Temp/_gbsbuild/obj/script_s9t2_interact.rel
                                          [  ]
C:/Users/benja/AppData/Local/Temp/_gbsbuild/obj/spritesheet_0.rel
                                          [ spritesheet_0 ]
C:/Users/benja/AppData/Local/Temp/_gbsbuild/obj/spritesheet_1.rel
                                          [ spritesheet_1 ]
C:/Users/benja/AppData/Local/Temp/_gbsbuild/obj/spritesheet_10.rel
                                          [ spritesheet_10 ]
C:/Users/benja/AppData/Local/Temp/_gbsbuild/obj/spritesheet_11.rel
                                          [ spritesheet_11 ]
C:/Users/benja/AppData/Local/Temp/_gbsbuild/obj/spritesheet_12.rel
                                          [ spritesheet_12 ]
C:/Users/benja/AppData/Local/Temp/_gbsbuild/obj/spritesheet_13.rel
                                          [ spritesheet_13 ]
C:/Users/benja/AppData/Local/Temp/_gbsbuild/obj/spritesheet_14.rel
                                          [ spritesheet_14 ]
C:/Users/benja/AppData/Local/Temp/_gbsbuild/obj/spritesheet_15.rel
                                          [ spritesheet_15 ]
C:/Users/benja/AppData/Local/Temp/_gbsbuild/obj/spritesheet_16.rel
                                          [ spritesheet_16 ]
C:/Users/benja/AppData/Local/Temp/_gbsbuild/obj/spritesheet_17.rel
                                          [ spritesheet_17 ]
C:/Users/benja/AppData/Local/Temp/_gbsbuild/obj/spritesheet_18.rel
                                          [ spritesheet_18 ]
C:/Users/benja/AppData/Local/Temp/_gbsbuild/obj/spritesheet_19.rel
                                          [ spritesheet_19 ]
C:/Users/benja/AppData/Local/Temp/_gbsbuild/obj/spritesheet_2.rel
                                          [ spritesheet_2 ]
C:/Users/benja/AppData/Local/Temp/_gbsbuild/obj/spritesheet_3.rel
                                          [ spritesheet_3 ]
C:/Users/benja/AppData/Local/Temp/_gbsbuild/obj/spritesheet_4.rel
                                          [ spritesheet_4 ]
C:/Users/benja/AppData/Local/Temp/_gbsbuild/obj/spritesheet_5.rel
                                          [ spritesheet_5 ]
C:/Users/benja/AppData/Local/Temp/_gbsbuild/obj/spritesheet_6.rel
                                          [ spritesheet_6 ]
C:/Users/benja/AppData/Local/Temp/_gbsbuild/obj/spritesheet_7.rel
                                          [ spritesheet_7 ]
C:/Users/benja/AppData/Local/Temp/_gbsbuild/obj/spritesheet_8.rel
                                          [ spritesheet_8 ]
C:/Users/benja/AppData/Local/Temp/_gbsbuild/obj/spritesheet_9.rel
                                          [ spritesheet_9 ]
C:/Users/benja/AppData/Local/Temp/_gbsbuild/obj/spritesheet_none.rel
                                          [ spritesheet_none ]
C:/Users/benja/AppData/Local/Temp/_gbsbuild/obj/tilemap_0.rel
                                          [ tilemap_0 ]
C:/Users/benja/AppData/Local/Temp/_gbsbuild/obj/tilemap_1.rel
                                          [ tilemap_1 ]
C:/Users/benja/AppData/Local/Temp/_gbsbuild/obj/tilemap_10.rel
                                          [ tilemap_10 ]
C:/Users/benja/AppData/Local/Temp/_gbsbuild/obj/tilemap_11.rel
                                          [ tilemap_11 ]
C:/Users/benja/AppData/Local/Temp/_gbsbuild/obj/tilemap_2.rel
                                          [ tilemap_2 ]
C:/Users/benja/AppData/Local/Temp/_gbsbuild/obj/tilemap_3.rel
                                          [ tilemap_3 ]
C:/Users/benja/AppData/Local/Temp/_gbsbuild/obj/tilemap_4.rel
                                          [ tilemap_4 ]
C:/Users/benja/AppData/Local/Temp/_gbsbuild/obj/tilemap_5.rel
                                          [ tilemap_5 ]
C:/Users/benja/AppData/Local/Temp/_gbsbuild/obj/tilemap_6.rel
                                          [ tilemap_6 ]
C:/Users/benja/AppData/Local/Temp/_gbsbuild/obj/tilemap_7.rel
                                          [ tilemap_7 ]
C:/Users/benja/AppData/Local/Temp/_gbsbuild/obj/tilemap_8.rel
                                          [ tilemap_8 ]
C:/Users/benja/AppData/Local/Temp/_gbsbuild/obj/tilemap_9.rel
                                          [ tilemap_9 ]
C:/Users/benja/AppData/Local/Temp/_gbsbuild/obj/tilemap_attr_0.rel
                                          [ tilemap_attr_0 ]
C:/Users/benja/AppData/Local/Temp/_gbsbuild/obj/tilemap_attr_1.rel
                                          [ tilemap_attr_1 ]
C:/Users/benja/AppData/Local/Temp/_gbsbuild/obj/tilemap_attr_2.rel
                                          [ tilemap_attr_2 ]
C:/Users/benja/AppData/Local/Temp/_gbsbuild/obj/tilemap_attr_3.rel
                                          [ tilemap_attr_3 ]
C:/Users/benja/AppData/Local/Temp/_gbsbuild/obj/tilemap_attr_4.rel
                                          [ tilemap_attr_4 ]
C:/Users/benja/AppData/Local/Temp/_gbsbuild/obj/tilemap_attr_5.rel
                                          [ tilemap_attr_5 ]
C:/Users/benja/AppData/Local/Temp/_gbsbuild/obj/tilemap_attr_6.rel
                                          [ tilemap_attr_6 ]
C:/Users/benja/AppData/Local/Temp/_gbsbuild/obj/tileset_0.rel
                                          [ tileset_0 ]
C:/Users/benja/AppData/Local/Temp/_gbsbuild/obj/tileset_1.rel
                                          [ tileset_1 ]
C:/Users/benja/AppData/Local/Temp/_gbsbuild/obj/tileset_10.rel
                                          [ tileset_10 ]
C:/Users/benja/AppData/Local/Temp/_gbsbuild/obj/tileset_11.rel
                                          [ tileset_11 ]
C:/Users/benja/AppData/Local/Temp/_gbsbuild/obj/tileset_12.rel
                                          [ tileset_12 ]
C:/Users/benja/AppData/Local/Temp/_gbsbuild/obj/tileset_13.rel
                                          [ tileset_13 ]
C:/Users/benja/AppData/Local/Temp/_gbsbuild/obj/tileset_14.rel
                                          [ tileset_14 ]
C:/Users/benja/AppData/Local/Temp/_gbsbuild/obj/tileset_15.rel
                                          [ tileset_15 ]
C:/Users/benja/AppData/Local/Temp/_gbsbuild/obj/tileset_16.rel
                                          [ tileset_16 ]
C:/Users/benja/AppData/Local/Temp/_gbsbuild/obj/tileset_17.rel
                                          [ tileset_17 ]
C:/Users/benja/AppData/Local/Temp/_gbsbuild/obj/tileset_18.rel
                                          [ tileset_18 ]
C:/Users/benja/AppData/Local/Temp/_gbsbuild/obj/tileset_19.rel
                                          [ tileset_19 ]
C:/Users/benja/AppData/Local/Temp/_gbsbuild/obj/tileset_2.rel
                                          [ tileset_2 ]
C:/Users/benja/AppData/Local/Temp/_gbsbuild/obj/tileset_20.rel
                                          [ tileset_20 ]
C:/Users/benja/AppData/Local/Temp/_gbsbuild/obj/tileset_21.rel
                                          [ tileset_21 ]
C:/Users/benja/AppData/Local/Temp/_gbsbuild/obj/tileset_22.rel
                                          [ tileset_22 ]
C:/Users/benja/AppData/Local/Temp/_gbsbuild/obj/tileset_23.rel
                                          [ tileset_23 ]
C:/Users/benja/AppData/Local/Temp/_gbsbuild/obj/tileset_24.rel
                                          [ tileset_24 ]
C:/Users/benja/AppData/Local/Temp/_gbsbuild/obj/tileset_25.rel
                                          [ tileset_25 ]
C:/Users/benja/AppData/Local/Temp/_gbsbuild/obj/tileset_26.rel
                                          [ tileset_26 ]
C:/Users/benja/AppData/Local/Temp/_gbsbuild/obj/tileset_27.rel
                                          [ tileset_27 ]
C:/Users/benja/AppData/Local/Temp/_gbsbuild/obj/tileset_28.rel
                                          [ tileset_28 ]
C:/Users/benja/AppData/Local/Temp/_gbsbuild/obj/tileset_29.rel
                                          [ tileset_29 ]
C:/Users/benja/AppData/Local/Temp/_gbsbuild/obj/tileset_3.rel
                                          [ tileset_3 ]
C:/Users/benja/AppData/Local/Temp/_gbsbuild/obj/tileset_30.rel
                                          [ tileset_30 ]
C:/Users/benja/AppData/Local/Temp/_gbsbuild/obj/tileset_4.rel
                                          [ tileset_4 ]
C:/Users/benja/AppData/Local/Temp/_gbsbuild/obj/tileset_5.rel
                                          [ tileset_5 ]
C:/Users/benja/AppData/Local/Temp/_gbsbuild/obj/tileset_6.rel
                                          [ tileset_6 ]
C:/Users/benja/AppData/Local/Temp/_gbsbuild/obj/tileset_7.rel
                                          [ tileset_7 ]
C:/Users/benja/AppData/Local/Temp/_gbsbuild/obj/tileset_8.rel
                                          [ tileset_8 ]
C:/Users/benja/AppData/Local/Temp/_gbsbuild/obj/tileset_9.rel
                                          [ tileset_9 ]
C:/Users/benja/AppData/Local/Temp/_gbsbuild/obj/main.rel
                                          [ main ]
C:/Users/benja/AppData/Local/Temp/_gbsbuild/obj/adventure.rel
                                          [ adventure ]
C:/Users/benja/AppData/Local/Temp/_gbsbuild/obj/logo.rel
                                          [ logo ]
C:/Users/benja/AppData/Local/Temp/_gbsbuild/obj/platform.rel
                                          [ platform ]
C:/Users/benja/AppData/Local/Temp/_gbsbuild/obj/pointnclick.rel
                                          [ pointnclick ]
C:/Users/benja/AppData/Local/Temp/_gbsbuild/obj/shmup.rel
                                          [ shmup ]
C:/Users/benja/AppData/Local/Temp/_gbsbuild/obj/states_ptrs.rel
                                          [  ]
C:/Users/benja/AppData/Local/Temp/_gbsbuild/obj/topdown.rel
                                          [ topdown ]


Libraries Linked                          [ object file ]

C:\Users\benja\AppData\Local\Temp/_gbstools/gbdk/lib/small/asxxxx/gb/gb.lib
                                          [ fill_rect_wi.o ]
C:\Users\benja\AppData\Local\Temp/_gbstools/gbdk/lib/small/asxxxx/gb/gb.lib
                                          [ sfr.o ]
lib/hUGEDriver.lib                        [ hUGEDriver.obj.o ]
C:\Users\benja\AppData\Local\Temp/_gbstools/gbdk/lib/small/asxxxx/gbz80/gbz80.lib
                                          [ rand.o ]
C:\Users\benja\AppData\Local\Temp/_gbstools/gbdk/lib/small/asxxxx/gb/gb.lib
                                          [ cgb_palettes.o ]
C:\Users\benja\AppData\Local\Temp/_gbstools/gbdk/lib/small/asxxxx/gbz80/gbz80.lib
                                          [ mul.o ]
C:\Users\benja\AppData\Local\Temp/_gbstools/gbdk/lib/small/asxxxx/gbz80/gbz80.lib
                                          [ abs.o ]
C:\Users\benja\AppData\Local\Temp/_gbstools/gbdk/lib/small/asxxxx/gb/gb.lib
                                          [ set_wi_t.o ]
C:\Users\benja\AppData\Local\Temp/_gbstools/gbdk/lib/small/asxxxx/gb/gb.lib
                                          [ set_data.o ]
C:\Users\benja\AppData\Local\Temp/_gbstools/gbdk/lib/small/asxxxx/gbz80/gbz80.lib
                                          [ reverse.o ]
C:\Users\benja\AppData\Local\Temp/_gbstools/gbdk/lib/small/asxxxx/gb/gb.lib
                                          [ far_ptr.o ]
C:\Users\benja\AppData\Local\Temp/_gbstools/gbdk/lib/small/asxxxx/gb/gb.lib
                                          [ sgb.o ]
C:\Users\benja\AppData\Local\Temp/_gbstools/gbdk/lib/small/asxxxx/gb/gb.lib
                                          [ lcd.o ]
C:\Users\benja\AppData\Local\Temp/_gbstools/gbdk/lib/small/asxxxx/gb/gb.lib
                                          [ fill_rect.o ]
C:\Users\benja\AppData\Local\Temp/_gbstools/gbdk/lib/small/asxxxx/gb/gb.lib
                                          [ cpy_data.o ]
C:\Users\benja\AppData\Local\Temp/_gbstools/gbdk/lib/small/asxxxx/gb/gb.lib
                                          [ fill_rect_bk.o ]
C:\Users\benja\AppData\Local\Temp/_gbstools/gbdk/lib/small/asxxxx/gb/gb.lib
                                          [ pad.o ]
C:\Users\benja\AppData\Local\Temp/_gbstools/gbdk/lib/small/asxxxx/gb/gb.lib
                                          [ metasprites.o ]
C:\Users\benja\AppData\Local\Temp/_gbstools/gbdk/lib/small/asxxxx/gbz80/gbz80.lib
                                          [ __sdcc_call_hl.o ]
C:\Users\benja\AppData\Local\Temp/_gbstools/gbdk/lib/small/asxxxx/gbz80/gbz80.lib
                                          [ _memcpy.o ]
C:\Users\benja\AppData\Local\Temp/_gbstools/gbdk/lib/small/asxxxx/gbz80/gbz80.lib
                                          [ _memset.o ]
C:\Users\benja\AppData\Local\Temp/_gbstools/gbdk/lib/small/asxxxx/gb/gb.lib
                                          [ ___sdcc_bcall_ehl.o ]
C:\Users\benja\AppData\Local\Temp/_gbstools/gbdk/lib/small/asxxxx/gb/gb.lib
                                          [ cgb.o ]
C:\Users\benja\AppData\Local\Temp/_gbstools/gbdk/lib/small/asxxxx/gbz80/gbz80.lib
                                          [ div.o ]
C:\Users\benja\AppData\Local\Temp/_gbstools/gbdk/lib/small/asxxxx/gb/gb.lib
                                          [ set_bk_t.o ]
C:\Users\benja\AppData\Local\Temp/_gbstools/gbdk/lib/small/asxxxx/gb/gb.lib
                                          [ set_xy_t.o ]

ASxxxx Linker V03.00 + NoICE + sdld,  page 66.

User Base Address Definitions

_DATA=0xC0A0
_CODE=0x0200
ASxxxx Linker V03.00 + NoICE + sdld,  page 67.

User Global Definitions

.STACK=0xDF00
_shadow_OAM=0xC000
.refresh_OAM=0xFF80
__start_save=12

